../Core/Inc/ads1246.h:27:6:ADS1246_Reset	8	static
../Core/Inc/ads1246.h:35:6:ADS1246_Wakeup	16	static
../Core/Inc/ads1246.h:43:6:ADS1246_WriteRegister	24	static
../Core/Inc/ads1246.h:52:6:ADS1246_EnableRDATAC	16	static
../Core/Inc/ads1246.h:60:6:ADS1246_DisableRDATAC	16	static
../Core/Inc/ads1246.h:68:10:ADS1246_Read24bit	16	static
../Core/Inc/ads1246.h:80:7:ADS1246_ConvertToVoltage	16	static
../Core/Src/main.c:31:5:main	88	static
../Core/Src/main.c:81:7:calculate_resistance	24	static
../Core/Src/main.c:88:7:calculate_temperature	40	static
../Core/Src/main.c:99:6:send_uart_message	16	static
../Core/Src/main.c:106:6:SystemClock_Config	88	static
../Core/Src/main.c:141:13:MX_SPI2_Init	8	static
../Core/Src/main.c:161:13:MX_USART2_UART_Init	8	static
../Core/Src/main.c:177:13:MX_GPIO_Init	48	static
../Core/Src/main.c:219:6:Error_Handler	4	static,ignoring_inline_asm
